V3 28
FL C:/Users/Yasamin/Documents/Classes/COE758/Spartan3E-master/hsyncCounter.vhd 2016/09/06.05:28:14 O.87xd
EN work/hsyncCounter 1606417714 \
      FL C:/Users/Yasamin/Documents/Classes/COE758/Spartan3E-master/hsyncCounter.vhd \
      PB ieee/std_logic_1164 1317710503 PB ieee/STD_LOGIC_UNSIGNED 1317710506
AR work/hsyncCounter/Behavioral 1606417715 \
      FL C:/Users/Yasamin/Documents/Classes/COE758/Spartan3E-master/hsyncCounter.vhd \
      EN work/hsyncCounter 1606417714
FL C:/Users/Yasamin/Documents/Classes/COE758/Spartan3E-master/refreshClk.vhd 2020/11/26.20:32:09 O.87xd
EN work/refreshClk 1606546646 \
      FL C:/Users/Yasamin/Documents/Classes/COE758/Spartan3E-master/refreshClk.vhd \
      PB ieee/std_logic_1164 1317710503
AR work/refreshClk/Behavioral 1606546647 \
      FL C:/Users/Yasamin/Documents/Classes/COE758/Spartan3E-master/refreshClk.vhd \
      EN work/refreshClk 1606546646
FL C:/Users/Yasamin/Documents/Classes/COE758/Spartan3E-master/RGBGen.vhd 2020/11/28.01:56:40 O.87xd
EN work/RGBGen 1606546648 \
      FL C:/Users/Yasamin/Documents/Classes/COE758/Spartan3E-master/RGBGen.vhd \
      PB ieee/std_logic_1164 1317710503
AR work/RGBGen/Behavioral 1606546649 \
      FL C:/Users/Yasamin/Documents/Classes/COE758/Spartan3E-master/RGBGen.vhd \
      EN work/RGBGen 1606546648 CP VGAController CP refreshClk
FL C:/Users/Yasamin/Documents/Classes/COE758/Spartan3E-master/VGAController.vhd 2020/11/26.23:14:26 O.87xd
EN work/VGAController 1606546644 \
      FL C:/Users/Yasamin/Documents/Classes/COE758/Spartan3E-master/VGAController.vhd \
      PB ieee/std_logic_1164 1317710503 PB ieee/STD_LOGIC_UNSIGNED 1317710506
AR work/VGAController/Behavioral 1606546645 \
      FL C:/Users/Yasamin/Documents/Classes/COE758/Spartan3E-master/VGAController.vhd \
      EN work/VGAController 1606546644
FL C:/Users/Yasamin/Documents/Classes/COE758/Spartan3E-master/VGASync.vhd 2016/09/06.05:28:14 O.87xd
EN work/VGASync 1606417718 \
      FL C:/Users/Yasamin/Documents/Classes/COE758/Spartan3E-master/VGASync.vhd \
      PB ieee/std_logic_1164 1317710503 PB ieee/STD_LOGIC_UNSIGNED 1317710506
AR work/VGASync/Behavioral 1606417719 \
      FL C:/Users/Yasamin/Documents/Classes/COE758/Spartan3E-master/VGASync.vhd \
      EN work/VGASync 1606417718
FL C:/Users/Yasamin/Documents/Classes/COE758/Spartan3E-master/vsyncCounter.vhd 2016/09/06.05:28:14 O.87xd
EN work/vsyncCounter 1606417716 \
      FL C:/Users/Yasamin/Documents/Classes/COE758/Spartan3E-master/vsyncCounter.vhd \
      PB ieee/std_logic_1164 1317710503 PB ieee/STD_LOGIC_UNSIGNED 1317710506
AR work/vsyncCounter/Behavioral 1606417717 \
      FL C:/Users/Yasamin/Documents/Classes/COE758/Spartan3E-master/vsyncCounter.vhd \
      EN work/vsyncCounter 1606417716
FL "G:/1. School Files/Ryerson/COE758 Workspace/VGA/ClockGen.vhd" 2014/11/09.17:43:24 O.87xd
EN work/ClockGen 1415573005 \
      FL "G:/1. School Files/Ryerson/COE758 Workspace/VGA/ClockGen.vhd" \
      PB ieee/std_logic_1164 1317710503 PB ieee/STD_LOGIC_UNSIGNED 1317710506
AR work/ClockGen/Behavioral 1415573006 \
      FL "G:/1. School Files/Ryerson/COE758 Workspace/VGA/ClockGen.vhd" \
      EN work/ClockGen 1415573005
FL "G:/1. School Files/Ryerson/COE758 Workspace/VGA/hsyncCounter.vhd" 2014/11/09.19:53:39 O.87xd
FL "G:/1. School Files/Ryerson/COE758 Workspace/VGA/RGBGen.vhd" 2014/11/09.18:33:17 O.87xd
FL "G:/1. School Files/Ryerson/COE758 Workspace/VGA/VGAController.vhd" 2014/11/09.19:54:40 O.87xd
FL "G:/1. School Files/Ryerson/COE758 Workspace/VGA/VGASync.vhd" 2014/11/09.19:53:39 O.87xd
FL "G:/1. School Files/Ryerson/COE758 Workspace/VGA/vsyncCounter.vhd" 2014/11/09.19:53:39 O.87xd
